/home/wjz/miniconda3/envs/maniskill/lib/python3.10/site-packages/sapien/__init__.py:18: UserWarning: pkg_resources is deprecated as an API. See https://setuptools.pypa.io/en/latest/pkg_resources.html. The pkg_resources package is slated for removal as early as 2025-11-30. Refrain from using this package or pin to Setuptools<81.
  import pkg_resources
/home/wjz/miniconda3/envs/maniskill/lib/python3.10/runpy.py:126: RuntimeWarning: 'rlft.offline.train_maniskill' found in sys.modules after import of package 'rlft.offline', but prior to execution of 'rlft.offline.train_maniskill'; this may result in unpredictable behaviour
  warn(RuntimeWarning(msg))
wandb: [wandb.login()] Loaded credentials for https://api.wandb.ai from /home/wjz/.netrc.
wandb: Currently logged in as: zhili0818 (zhuzhulab) to https://api.wandb.ai. Use `wandb login --relogin` to force relogin
wandb: setting up run uznynry7
wandb: Tracking run with wandb version 0.24.0
wandb: Run data is saved locally in /home/wjz/rl-vla/wandb/run-20260128_214149-uznynry7
wandb: Run `wandb offline` to turn off syncing.
wandb: Syncing run LiftPegUpright-v1_consistency_flow_rgb__1769607707
wandb: ⭐️ View project at https://wandb.ai/zhuzhulab/ManiSkill-RLFT
wandb: 🚀 View run at https://wandb.ai/zhuzhulab/ManiSkill-RLFT/runs/uznynry7
Action dim: 7, Obs dim: 562
ConditionalUnet1D parameters: 6.10M
ConditionalUnet1D parameters: 6.10M
Loading HDF5 file /home/wjz/.maniskill/demos/LiftPegUpright-v1/rl/trajectory.rgb.pd_ee_delta_pose.physx_cuda.h5
Loaded
Raw trajectory loaded, beginning observation pre-processing...
Obs/action pre-processing done, computing slice indices...
Total transitions: 42529, Total obs sequences: 41514
  0%|          | 0/5000 [00:00<?, ?it/s]Traceback (most recent call last):
  File "/home/wjz/miniconda3/envs/maniskill/lib/python3.10/runpy.py", line 196, in _run_module_as_main
    return _run_code(code, main_globals, None,
  File "/home/wjz/miniconda3/envs/maniskill/lib/python3.10/runpy.py", line 86, in _run_code
    exec(code, run_globals)
  File "/home/wjz/rl-vla/rlft/offline/train_maniskill.py", line 731, in <module>
    main()
  File "/home/wjz/rl-vla/rlft/offline/train_maniskill.py", line 666, in main
    loss_dict = agent.compute_loss(
TypeError: ConsistencyFlowAgent.compute_loss() got an unexpected keyword argument 'actions_for_q'
Traceback (most recent call last):
  File "/home/wjz/miniconda3/envs/maniskill/lib/python3.10/runpy.py", line 196, in _run_module_as_main
    return _run_code(code, main_globals, None,
  File "/home/wjz/miniconda3/envs/maniskill/lib/python3.10/runpy.py", line 86, in _run_code
    exec(code, run_globals)
  File "/home/wjz/rl-vla/rlft/offline/train_maniskill.py", line 731, in <module>
    main()
  File "/home/wjz/rl-vla/rlft/offline/train_maniskill.py", line 666, in main
    loss_dict = agent.compute_loss(
TypeError: ConsistencyFlowAgent.compute_loss() got an unexpected keyword argument 'actions_for_q'
[1;34mwandb[0m: 
[1;34mwandb[0m: 🚀 View run [33mLiftPegUpright-v1_consistency_flow_rgb__1769607707[0m at: [34mhttps://wandb.ai/zhuzhulab/ManiSkill-RLFT/runs/uznynry7[0m
[1;34mwandb[0m: Find logs at: [1;35mwandb/run-20260128_214149-uznynry7/logs[0m
scripts/run_all_algorithms.sh: 第 230 行： 1170072 段错误               （核心已转储） CUDA_VISIBLE_DEVICES=2 python -m rlft.offline.train_maniskill --env_id LiftPegUpright-v1 --demo_path /home/wjz/.maniskill/demos/LiftPegUpright-v1/rl/trajectory.rgb.pd_ee_delta_pose.physx_cuda.h5 --algorithm consistency_flow --obs_mode rgb --control_mode pd_ee_delta_pose --sim_backend physx_cuda --total_iters 5000 --exp_name LiftPegUpright-v1_consistency_flow_rgb --track --wandb_project_name ManiSkill-RLFT
