/home/wjz/miniconda3/envs/maniskill/lib/python3.10/site-packages/sapien/__init__.py:18: UserWarning: pkg_resources is deprecated as an API. See https://setuptools.pypa.io/en/latest/pkg_resources.html. The pkg_resources package is slated for removal as early as 2025-11-30. Refrain from using this package or pin to Setuptools<81.
  import pkg_resources
/home/wjz/miniconda3/envs/maniskill/lib/python3.10/runpy.py:126: RuntimeWarning: 'rlft.offline.train_maniskill' found in sys.modules after import of package 'rlft.offline', but prior to execution of 'rlft.offline.train_maniskill'; this may result in unpredictable behaviour
  warn(RuntimeWarning(msg))
Traceback (most recent call last):
  File "/home/wjz/miniconda3/envs/maniskill/lib/python3.10/runpy.py", line 196, in _run_module_as_main
    return _run_code(code, main_globals, None,
  File "/home/wjz/miniconda3/envs/maniskill/lib/python3.10/runpy.py", line 86, in _run_code
    exec(code, run_globals)
  File "/home/wjz/rl-vla/rlft/offline/train_maniskill.py", line 982, in <module>
    main()
  File "/home/wjz/rl-vla/rlft/offline/train_maniskill.py", line 569, in main
    args = tyro.cli(Args)
  File "/home/wjz/miniconda3/envs/maniskill/lib/python3.10/site-packages/tyro/_cli.py", line 234, in cli
    output = _cli_impl(
  File "/home/wjz/miniconda3/envs/maniskill/lib/python3.10/site-packages/tyro/_cli.py", line 589, in _cli_impl
    value_from_prefixed_field_name, unknown_args = backend.parse_args(
  File "/home/wjz/miniconda3/envs/maniskill/lib/python3.10/site-packages/tyro/_backends/_tyro_backend.py", line 111, in parse_args
    out, unknown_args_and_progs = self._parse_args_recursive(
  File "/home/wjz/miniconda3/envs/maniskill/lib/python3.10/site-packages/tyro/_backends/_tyro_backend.py", line 658, in _parse_args_recursive
    _tyro_help_formatting.unrecognized_args_error(
  File "/home/wjz/miniconda3/envs/maniskill/lib/python3.10/site-packages/tyro/_backends/_tyro_help_formatting.py", line 544, in unrecognized_args_error
    arguments, has_subcommands, same_exists = recursive_arg_search(
  File "/home/wjz/miniconda3/envs/maniskill/lib/python3.10/site-packages/tyro/_backends/_tyro_help_formatting.py", line 515, in recursive_arg_search
    _recursive_arg_search(parser_spec, prog, 0)
  File "/home/wjz/miniconda3/envs/maniskill/lib/python3.10/site-packages/tyro/_backends/_tyro_help_formatting.py", line 468, in _recursive_arg_search
    help_text = help_text()
  File "/home/wjz/miniconda3/envs/maniskill/lib/python3.10/site-packages/tyro/_arguments.py", line 557, in <lambda>
    generate_argument_helptext(arg, lowered).as_str_no_ansi().replace("%", "%%")
  File "/home/wjz/miniconda3/envs/maniskill/lib/python3.10/site-packages/tyro/_arguments.py", line 681, in generate_argument_helptext
    lowered.str_from_instance(arg.field.default)
  File "/home/wjz/miniconda3/envs/maniskill/lib/python3.10/site-packages/tyro/constructors/_primitive_spec.py", line 840, in str_from_instance
    assert False, (
AssertionError: could not match default value (-1.0, 1.0) with any types in union [<class 'NoneType'>, <class 'tuple'>]
